
 /----------------------------------------------------------------------------\
 |  yosys -- Yosys Open SYnthesis Suite                                       |
 |  Copyright (C) 2012 - 2026  Claire Xenia Wolf <claire@yosyshq.com>         |
 |  Distributed under an ISC-like license, type "license" to see terms        |
 \----------------------------------------------------------------------------/
 Yosys 0.64 (git sha1 6d2c445ae, g++ 13.3.0-6ubuntu2~24.04.1 -fPIC -O3)

-- Executing script file `../model/design.ys' --

1. Executing Verilog-2005 frontend: alu.sv
Parsing formal SystemVerilog input from `alu.sv' to AST representation.
Storing AST representation for module `$abstract\alu'.
Successfully finished Verilog frontend.

2. Executing Verilog-2005 frontend: alu_formal.sv
Parsing formal SystemVerilog input from `alu_formal.sv' to AST representation.
Storing AST representation for module `$abstract\alu_formal'.
Successfully finished Verilog frontend.

3. Executing PREP pass.

3.1. Executing HIERARCHY pass (managing design hierarchy).

3.2. Executing AST frontend in derive mode using pre-parsed AST for module `\alu_formal'.
Generating RTLIL representation for module `\alu_formal'.

3.2.1. Analyzing design hierarchy..
Top module:  \alu_formal

3.2.2. Executing AST frontend in derive mode using pre-parsed AST for module `\alu'.
Generating RTLIL representation for module `\alu'.

3.2.3. Analyzing design hierarchy..
Top module:  \alu_formal
Used module:     \alu

3.2.4. Analyzing design hierarchy..
Top module:  \alu_formal
Used module:     \alu
Removing unused module `$abstract\alu_formal'.
Removing unused module `$abstract\alu'.
Removed 2 unused modules.
Module alu_formal directly or indirectly contains formal properties -> setting "keep" attribute.

3.3. Executing PROC pass (convert processes to netlists).

3.3.1. Executing PROC_CLEAN pass (remove empty switches from decision trees).
Cleaned up 0 empty switches.

3.3.2. Executing PROC_RMDEAD pass (remove dead branches from decision trees).
Marked 1 switch rules as full_case in process $proc$alu.sv:10$22 in module alu.
Removed a total of 0 dead cases.

3.3.3. Executing PROC_PRUNE pass (remove redundant assignments in processes).
Removed 0 redundant assignments.
Promoted 1 assignment to connection.

3.3.4. Executing PROC_INIT pass (extract init attributes).

3.3.5. Executing PROC_ARST pass (detect async resets in processes).

3.3.6. Executing PROC_ROM pass (convert switches to ROMs).
Converted 0 switches.
<suppressed ~6 debug messages>

3.3.7. Executing PROC_MUX pass (convert decision trees to multiplexers).
Creating decoders for process `\alu.$proc$alu.sv:10$22'.
     1/1: $1\result[31:0]
Creating decoders for process `\alu_formal.$proc$alu_formal.sv:18$1'.
     1/5: $assert$alu_formal.sv:33$19_EN
     2/5: $assert$alu_formal.sv:30$15_EN
     3/5: $assert$alu_formal.sv:27$11_EN
     4/5: $assert$alu_formal.sv:24$7_EN
     5/5: $assert$alu_formal.sv:21$3_EN

3.3.8. Executing PROC_DLATCH pass (convert process syncs to latches).
No latch inferred for signal `\alu.\result' from process `\alu.$proc$alu.sv:10$22'.

3.3.9. Executing PROC_DFF pass (convert process syncs to FFs).

3.3.10. Executing PROC_MEMWR pass (convert process memory writes to cells).

3.3.11. Executing PROC_CLEAN pass (remove empty switches from decision trees).
Found and cleaned up 1 empty switch in `\alu.$proc$alu.sv:10$22'.
Removing empty process `alu.$proc$alu.sv:10$22'.
Found and cleaned up 5 empty switches in `\alu_formal.$proc$alu_formal.sv:18$1'.
Removing empty process `alu_formal.$proc$alu_formal.sv:18$1'.
Cleaned up 6 empty switches.

3.3.12. Executing OPT_EXPR pass (perform const folding).
Optimizing module alu.
<suppressed ~2 debug messages>
Optimizing module alu_formal.
<suppressed ~1 debug messages>

3.4. Executing FUTURE pass.

3.5. Executing OPT_EXPR pass (perform const folding).
Optimizing module alu.
Optimizing module alu_formal.

3.6. Executing OPT_CLEAN pass (remove unused cells and wires).
Finding unused cells or wires in module \alu..
Finding unused cells or wires in module \alu_formal..
Removed 0 unused cells and 14 unused wires.
<suppressed ~2 debug messages>

3.7. Executing CHECK pass (checking for obvious problems).
Checking module alu...
Checking module alu_formal...
Warning: Wire alu_formal.\alu_sel [2] is used but has no driver.
Warning: Wire alu_formal.\alu_sel [1] is used but has no driver.
Warning: Wire alu_formal.\alu_sel [0] is used but has no driver.
Warning: Wire alu_formal.\a [31] is used but has no driver.
Warning: Wire alu_formal.\a [30] is used but has no driver.
Warning: Wire alu_formal.\a [29] is used but has no driver.
Warning: Wire alu_formal.\a [28] is used but has no driver.
Warning: Wire alu_formal.\a [27] is used but has no driver.
Warning: Wire alu_formal.\a [26] is used but has no driver.
Warning: Wire alu_formal.\a [25] is used but has no driver.
Warning: Wire alu_formal.\a [24] is used but has no driver.
Warning: Wire alu_formal.\a [23] is used but has no driver.
Warning: Wire alu_formal.\a [22] is used but has no driver.
Warning: Wire alu_formal.\a [21] is used but has no driver.
Warning: Wire alu_formal.\a [20] is used but has no driver.
Warning: Wire alu_formal.\a [19] is used but has no driver.
Warning: Wire alu_formal.\a [18] is used but has no driver.
Warning: Wire alu_formal.\a [17] is used but has no driver.
Warning: Wire alu_formal.\a [16] is used but has no driver.
Warning: Wire alu_formal.\a [15] is used but has no driver.
Warning: Wire alu_formal.\a [14] is used but has no driver.
Warning: Wire alu_formal.\a [13] is used but has no driver.
Warning: Wire alu_formal.\a [12] is used but has no driver.
Warning: Wire alu_formal.\a [11] is used but has no driver.
Warning: Wire alu_formal.\a [10] is used but has no driver.
Warning: Wire alu_formal.\a [9] is used but has no driver.
Warning: Wire alu_formal.\a [8] is used but has no driver.
Warning: Wire alu_formal.\a [7] is used but has no driver.
Warning: Wire alu_formal.\a [6] is used but has no driver.
Warning: Wire alu_formal.\a [5] is used but has no driver.
Warning: Wire alu_formal.\a [4] is used but has no driver.
Warning: Wire alu_formal.\a [3] is used but has no driver.
Warning: Wire alu_formal.\a [2] is used but has no driver.
Warning: Wire alu_formal.\a [1] is used but has no driver.
Warning: Wire alu_formal.\a [0] is used but has no driver.
Warning: Wire alu_formal.\b [31] is used but has no driver.
Warning: Wire alu_formal.\b [30] is used but has no driver.
Warning: Wire alu_formal.\b [29] is used but has no driver.
Warning: Wire alu_formal.\b [28] is used but has no driver.
Warning: Wire alu_formal.\b [27] is used but has no driver.
Warning: Wire alu_formal.\b [26] is used but has no driver.
Warning: Wire alu_formal.\b [25] is used but has no driver.
Warning: Wire alu_formal.\b [24] is used but has no driver.
Warning: Wire alu_formal.\b [23] is used but has no driver.
Warning: Wire alu_formal.\b [22] is used but has no driver.
Warning: Wire alu_formal.\b [21] is used but has no driver.
Warning: Wire alu_formal.\b [20] is used but has no driver.
Warning: Wire alu_formal.\b [19] is used but has no driver.
Warning: Wire alu_formal.\b [18] is used but has no driver.
Warning: Wire alu_formal.\b [17] is used but has no driver.
Warning: Wire alu_formal.\b [16] is used but has no driver.
Warning: Wire alu_formal.\b [15] is used but has no driver.
Warning: Wire alu_formal.\b [14] is used but has no driver.
Warning: Wire alu_formal.\b [13] is used but has no driver.
Warning: Wire alu_formal.\b [12] is used but has no driver.
Warning: Wire alu_formal.\b [11] is used but has no driver.
Warning: Wire alu_formal.\b [10] is used but has no driver.
Warning: Wire alu_formal.\b [9] is used but has no driver.
Warning: Wire alu_formal.\b [8] is used but has no driver.
Warning: Wire alu_formal.\b [7] is used but has no driver.
Warning: Wire alu_formal.\b [6] is used but has no driver.
Warning: Wire alu_formal.\b [5] is used but has no driver.
Warning: Wire alu_formal.\b [4] is used but has no driver.
Warning: Wire alu_formal.\b [3] is used but has no driver.
Warning: Wire alu_formal.\b [2] is used but has no driver.
Warning: Wire alu_formal.\b [1] is used but has no driver.
Warning: Wire alu_formal.\b [0] is used but has no driver.
Found and reported 67 problems.

3.8. Executing OPT pass (performing simple optimizations).

3.8.1. Executing OPT_EXPR pass (perform const folding).
Optimizing module alu.
Optimizing module alu_formal.

3.8.2. Executing OPT_MERGE pass (detect identical cells).
Finding identical cells in module `\alu'.
Computing hashes of 12 cells of `\alu'.
Finding duplicate cells in `\alu'.
Finding identical cells in module `\alu_formal'.
Computing hashes of 26 cells of `\alu_formal'.
Finding duplicate cells in `\alu_formal'.
Removed a total of 0 cells.

3.8.3. Executing OPT_MUXTREE pass (detect dead branches in mux trees).
Running muxtree optimizer on module \alu..
  Creating internal representation of mux trees.
  Evaluating internal representation of mux trees.
  Analyzing evaluation results.
Running muxtree optimizer on module \alu_formal..
  Creating internal representation of mux trees.
  Evaluating internal representation of mux trees.
  Analyzing evaluation results.
Removed 0 multiplexer ports.
<suppressed ~12 debug messages>

3.8.4. Executing OPT_REDUCE pass (consolidate $*mux and $reduce_* inputs).
  Optimizing cells in module \alu.
  Optimizing cells in module \alu_formal.
Performed a total of 0 changes.

3.8.5. Executing OPT_MERGE pass (detect identical cells).
Finding identical cells in module `\alu'.
Computing hashes of 12 cells of `\alu'.
Finding duplicate cells in `\alu'.
Finding identical cells in module `\alu_formal'.
Computing hashes of 26 cells of `\alu_formal'.
Finding duplicate cells in `\alu_formal'.
Removed a total of 0 cells.

3.8.6. Executing OPT_CLEAN pass (remove unused cells and wires).
Finding unused cells or wires in module \alu..
Finding unused cells or wires in module \alu_formal..

3.8.7. Executing OPT_EXPR pass (perform const folding).
Optimizing module alu.
Optimizing module alu_formal.

3.8.8. Finished fast OPT passes. (There is nothing left to do.)

3.9. Executing WREDUCE pass (reducing word size of cells).
Removed top 1 bits (of 3) from port B of cell alu.$procmux$32_CMP0 ($eq).
Removed top 1 bits (of 3) from port B of cell alu.$procmux$33_CMP0 ($eq).
Removed top 2 bits (of 3) from port B of cell alu.$procmux$34_CMP0 ($eq).
Removed top 2 bits (of 3) from port B of cell alu_formal.$eq$alu_formal.sv:23$6 ($eq).
Removed top 1 bits (of 3) from port B of cell alu_formal.$eq$alu_formal.sv:26$10 ($eq).
Removed top 1 bits (of 3) from port B of cell alu_formal.$eq$alu_formal.sv:29$14 ($eq).

3.10. Executing OPT_CLEAN pass (remove unused cells and wires).
Finding unused cells or wires in module \alu..
Finding unused cells or wires in module \alu_formal..

3.11. Executing MEMORY_COLLECT pass (generating $mem cells).

3.12. Executing OPT pass (performing simple optimizations).

3.12.1. Executing OPT_EXPR pass (perform const folding).
Optimizing module alu.
Optimizing module alu_formal.

3.12.2. Executing OPT_MERGE pass (detect identical cells).
Finding identical cells in module `\alu'.
Computing hashes of 12 cells of `\alu'.
Finding duplicate cells in `\alu'.
Finding identical cells in module `\alu_formal'.
Computing hashes of 26 cells of `\alu_formal'.
Finding duplicate cells in `\alu_formal'.
Removed a total of 0 cells.

3.12.3. Executing OPT_CLEAN pass (remove unused cells and wires).
Finding unused cells or wires in module \alu..
Finding unused cells or wires in module \alu_formal..

3.12.4. Finished fast OPT passes.

3.13. Executing SORT pass.

3.14. Printing statistics.

=== alu ===

        +----------Local Count, excluding submodules.
        | 
       15 wires
      265 wire bits
        5 public wires
      100 public wire bits
        5 ports
      100 port bits
       12 cells
        1   $add
        1   $and
        4   $eq
        2   $logic_not
        1   $or
        1   $pmux
        1   $sub
        1   $xor

=== alu_formal ===

        +----------Local Count, excluding submodules.
        | 
       25 wires
      275 wire bits
        5 public wires
      100 public wire bits
       25 cells
        1   $add
        1   $and
        5   $check
        9   $eq
        1   $logic_not
        5   $mux
        1   $or
        1   $sub
        1   $xor
        1 submodules
        1   alu

=== design hierarchy ===

        +----------Count including submodules.
        | 
       37 alu_formal
       12 alu

        +----------Count including submodules.
        | 
       40 wires
      540 wire bits
       10 public wires
      200 public wire bits
        5 ports
      100 port bits
        - memories
        - memory bits
        - processes
       37 cells
        2   $add
        2   $and
        5   $check
       13   $eq
        3   $logic_not
        5   $mux
        2   $or
        1   $pmux
        2   $sub
        2   $xor
        1 submodules
        1   alu

3.15. Executing CHECK pass (checking for obvious problems).
Checking module alu...
Checking module alu_formal...
Warning: Wire alu_formal.\alu_sel [2] is used but has no driver.
Warning: Wire alu_formal.\alu_sel [1] is used but has no driver.
Warning: Wire alu_formal.\alu_sel [0] is used but has no driver.
Warning: Wire alu_formal.\b [31] is used but has no driver.
Warning: Wire alu_formal.\b [30] is used but has no driver.
Warning: Wire alu_formal.\b [29] is used but has no driver.
Warning: Wire alu_formal.\b [28] is used but has no driver.
Warning: Wire alu_formal.\b [27] is used but has no driver.
Warning: Wire alu_formal.\b [26] is used but has no driver.
Warning: Wire alu_formal.\b [25] is used but has no driver.
Warning: Wire alu_formal.\b [24] is used but has no driver.
Warning: Wire alu_formal.\b [23] is used but has no driver.
Warning: Wire alu_formal.\b [22] is used but has no driver.
Warning: Wire alu_formal.\b [21] is used but has no driver.
Warning: Wire alu_formal.\b [20] is used but has no driver.
Warning: Wire alu_formal.\b [19] is used but has no driver.
Warning: Wire alu_formal.\b [18] is used but has no driver.
Warning: Wire alu_formal.\b [17] is used but has no driver.
Warning: Wire alu_formal.\b [16] is used but has no driver.
Warning: Wire alu_formal.\b [15] is used but has no driver.
Warning: Wire alu_formal.\b [14] is used but has no driver.
Warning: Wire alu_formal.\b [13] is used but has no driver.
Warning: Wire alu_formal.\b [12] is used but has no driver.
Warning: Wire alu_formal.\b [11] is used but has no driver.
Warning: Wire alu_formal.\b [10] is used but has no driver.
Warning: Wire alu_formal.\b [9] is used but has no driver.
Warning: Wire alu_formal.\b [8] is used but has no driver.
Warning: Wire alu_formal.\b [7] is used but has no driver.
Warning: Wire alu_formal.\b [6] is used but has no driver.
Warning: Wire alu_formal.\b [5] is used but has no driver.
Warning: Wire alu_formal.\b [4] is used but has no driver.
Warning: Wire alu_formal.\b [3] is used but has no driver.
Warning: Wire alu_formal.\b [2] is used but has no driver.
Warning: Wire alu_formal.\b [1] is used but has no driver.
Warning: Wire alu_formal.\b [0] is used but has no driver.
Warning: Wire alu_formal.\a [31] is used but has no driver.
Warning: Wire alu_formal.\a [30] is used but has no driver.
Warning: Wire alu_formal.\a [29] is used but has no driver.
Warning: Wire alu_formal.\a [28] is used but has no driver.
Warning: Wire alu_formal.\a [27] is used but has no driver.
Warning: Wire alu_formal.\a [26] is used but has no driver.
Warning: Wire alu_formal.\a [25] is used but has no driver.
Warning: Wire alu_formal.\a [24] is used but has no driver.
Warning: Wire alu_formal.\a [23] is used but has no driver.
Warning: Wire alu_formal.\a [22] is used but has no driver.
Warning: Wire alu_formal.\a [21] is used but has no driver.
Warning: Wire alu_formal.\a [20] is used but has no driver.
Warning: Wire alu_formal.\a [19] is used but has no driver.
Warning: Wire alu_formal.\a [18] is used but has no driver.
Warning: Wire alu_formal.\a [17] is used but has no driver.
Warning: Wire alu_formal.\a [16] is used but has no driver.
Warning: Wire alu_formal.\a [15] is used but has no driver.
Warning: Wire alu_formal.\a [14] is used but has no driver.
Warning: Wire alu_formal.\a [13] is used but has no driver.
Warning: Wire alu_formal.\a [12] is used but has no driver.
Warning: Wire alu_formal.\a [11] is used but has no driver.
Warning: Wire alu_formal.\a [10] is used but has no driver.
Warning: Wire alu_formal.\a [9] is used but has no driver.
Warning: Wire alu_formal.\a [8] is used but has no driver.
Warning: Wire alu_formal.\a [7] is used but has no driver.
Warning: Wire alu_formal.\a [6] is used but has no driver.
Warning: Wire alu_formal.\a [5] is used but has no driver.
Warning: Wire alu_formal.\a [4] is used but has no driver.
Warning: Wire alu_formal.\a [3] is used but has no driver.
Warning: Wire alu_formal.\a [2] is used but has no driver.
Warning: Wire alu_formal.\a [1] is used but has no driver.
Warning: Wire alu_formal.\a [0] is used but has no driver.
Found and reported 67 problems.

4. Executing HIERARCHY pass (managing design hierarchy).
Attribute `top' found on module `alu_formal'. Setting top module to alu_formal.

4.1. Analyzing design hierarchy..
Top module:  \alu_formal
Used module:     \alu

4.2. Analyzing design hierarchy..
Top module:  \alu_formal
Used module:     \alu
Removed 0 unused modules.
Module alu_formal directly or indirectly contains formal properties -> setting "keep" attribute.

5. Executing jny backend.

6. Executing RTLIL backend.
Output filename: ../model/design.il

Warnings: 67 unique messages, 134 total
End of script. Logfile hash: f3289b54de, time: 0.02s, user: 0.02s, system: 0.00s, MEM: 19.62 MB peak
Yosys 0.64 (git sha1 6d2c445ae, g++ 13.3.0-6ubuntu2~24.04.1 -fPIC -O3)
Time spent: 23% 4x opt_clean (0 sec), 16% 2x check (0 sec), ...
