
 /----------------------------------------------------------------------------\
 |  yosys -- Yosys Open SYnthesis Suite                                       |
 |  Copyright (C) 2012 - 2026  Claire Xenia Wolf <claire@yosyshq.com>         |
 |  Distributed under an ISC-like license, type "license" to see terms        |
 \----------------------------------------------------------------------------/
 Yosys 0.64 (git sha1 6d2c445ae, g++ 13.3.0-6ubuntu2~24.04.1 -fPIC -O3)

-- Executing script file `design_prep.ys' --

1. Executing RTLIL frontend.
Input filename: design.il

2. Executing SCC pass (detecting logic loops).
Found 0 SCCs in module alu.
Found 0 SCCs in module alu_formal.
Found 0 SCCs.

3. Executing SIMPLEMAP pass (map simple cells to gate primitives).

4. Executing MEMORY_NORDFF pass (extracting $dff cells from memories).

5. Executing ASYNC2SYNC pass.

6. Executing OPT_CLEAN pass (remove unused cells and wires).
Finding unused cells or wires in module \alu..
Finding unused cells or wires in module \alu_formal..
Removed 10 unused cells and 10 unused wires.
<suppressed ~11 debug messages>

7. Executing FORMALFF pass.

8. Executing OPT_CLEAN pass (remove unused cells and wires).
Finding unused cells or wires in module \alu..
Finding unused cells or wires in module \alu_formal..

9. Executing CHECK pass (checking for obvious problems).
Checking module alu...
Checking module alu_formal...
Warning: Wire alu_formal.\alu_sel [2] is used but has no driver.
Warning: Wire alu_formal.\alu_sel [1] is used but has no driver.
Warning: Wire alu_formal.\alu_sel [0] is used but has no driver.
Warning: Wire alu_formal.\b [31] is used but has no driver.
Warning: Wire alu_formal.\b [30] is used but has no driver.
Warning: Wire alu_formal.\b [29] is used but has no driver.
Warning: Wire alu_formal.\b [28] is used but has no driver.
Warning: Wire alu_formal.\b [27] is used but has no driver.
Warning: Wire alu_formal.\b [26] is used but has no driver.
Warning: Wire alu_formal.\b [25] is used but has no driver.
Warning: Wire alu_formal.\b [24] is used but has no driver.
Warning: Wire alu_formal.\b [23] is used but has no driver.
Warning: Wire alu_formal.\b [22] is used but has no driver.
Warning: Wire alu_formal.\b [21] is used but has no driver.
Warning: Wire alu_formal.\b [20] is used but has no driver.
Warning: Wire alu_formal.\b [19] is used but has no driver.
Warning: Wire alu_formal.\b [18] is used but has no driver.
Warning: Wire alu_formal.\b [17] is used but has no driver.
Warning: Wire alu_formal.\b [16] is used but has no driver.
Warning: Wire alu_formal.\b [15] is used but has no driver.
Warning: Wire alu_formal.\b [14] is used but has no driver.
Warning: Wire alu_formal.\b [13] is used but has no driver.
Warning: Wire alu_formal.\b [12] is used but has no driver.
Warning: Wire alu_formal.\b [11] is used but has no driver.
Warning: Wire alu_formal.\b [10] is used but has no driver.
Warning: Wire alu_formal.\b [9] is used but has no driver.
Warning: Wire alu_formal.\b [8] is used but has no driver.
Warning: Wire alu_formal.\b [7] is used but has no driver.
Warning: Wire alu_formal.\b [6] is used but has no driver.
Warning: Wire alu_formal.\b [5] is used but has no driver.
Warning: Wire alu_formal.\b [4] is used but has no driver.
Warning: Wire alu_formal.\b [3] is used but has no driver.
Warning: Wire alu_formal.\b [2] is used but has no driver.
Warning: Wire alu_formal.\b [1] is used but has no driver.
Warning: Wire alu_formal.\b [0] is used but has no driver.
Warning: Wire alu_formal.\a [31] is used but has no driver.
Warning: Wire alu_formal.\a [30] is used but has no driver.
Warning: Wire alu_formal.\a [29] is used but has no driver.
Warning: Wire alu_formal.\a [28] is used but has no driver.
Warning: Wire alu_formal.\a [27] is used but has no driver.
Warning: Wire alu_formal.\a [26] is used but has no driver.
Warning: Wire alu_formal.\a [25] is used but has no driver.
Warning: Wire alu_formal.\a [24] is used but has no driver.
Warning: Wire alu_formal.\a [23] is used but has no driver.
Warning: Wire alu_formal.\a [22] is used but has no driver.
Warning: Wire alu_formal.\a [21] is used but has no driver.
Warning: Wire alu_formal.\a [20] is used but has no driver.
Warning: Wire alu_formal.\a [19] is used but has no driver.
Warning: Wire alu_formal.\a [18] is used but has no driver.
Warning: Wire alu_formal.\a [17] is used but has no driver.
Warning: Wire alu_formal.\a [16] is used but has no driver.
Warning: Wire alu_formal.\a [15] is used but has no driver.
Warning: Wire alu_formal.\a [14] is used but has no driver.
Warning: Wire alu_formal.\a [13] is used but has no driver.
Warning: Wire alu_formal.\a [12] is used but has no driver.
Warning: Wire alu_formal.\a [11] is used but has no driver.
Warning: Wire alu_formal.\a [10] is used but has no driver.
Warning: Wire alu_formal.\a [9] is used but has no driver.
Warning: Wire alu_formal.\a [8] is used but has no driver.
Warning: Wire alu_formal.\a [7] is used but has no driver.
Warning: Wire alu_formal.\a [6] is used but has no driver.
Warning: Wire alu_formal.\a [5] is used but has no driver.
Warning: Wire alu_formal.\a [4] is used but has no driver.
Warning: Wire alu_formal.\a [3] is used but has no driver.
Warning: Wire alu_formal.\a [2] is used but has no driver.
Warning: Wire alu_formal.\a [1] is used but has no driver.
Warning: Wire alu_formal.\a [0] is used but has no driver.
Found and reported 67 problems.

10. Executing SETUNDEF pass (replace undef values with defined constants).

11. Executing OPT pass (performing simple optimizations).

11.1. Executing OPT_EXPR pass (perform const folding).
Optimizing module alu.
Optimizing module alu_formal.

11.2. Executing OPT_MERGE pass (detect identical cells).
Finding identical cells in module `\alu'.
Computing hashes of 12 cells of `\alu'.
Finding duplicate cells in `\alu'.
Finding identical cells in module `\alu_formal'.
Computing hashes of 91 cells of `\alu_formal'.
Finding duplicate cells in `\alu_formal'.
Removed a total of 0 cells.

11.3. Executing OPT_DFF pass (perform DFF optimizations).

11.4. Executing OPT_CLEAN pass (remove unused cells and wires).
Finding unused cells or wires in module \alu..
Finding unused cells or wires in module \alu_formal..
Removed 0 unused cells and 65 unused wires.
<suppressed ~1 debug messages>

11.5. Finished fast OPT passes.

12. Executing OPT_CLEAN pass (remove unused cells and wires).
Finding unused cells or wires in module \alu..
Finding unused cells or wires in module \alu_formal..

13. Executing RTLIL backend.
Output filename: ../model/design_prep.il

Warnings: 67 unique messages, 67 total
End of script. Logfile hash: d02e98858b, time: 0.01s, user: 0.01s, system: 0.01s, MEM: 17.12 MB peak
Yosys 0.64 (git sha1 6d2c445ae, g++ 13.3.0-6ubuntu2~24.04.1 -fPIC -O3)
Time spent: 30% 4x opt_clean (0 sec), 11% 1x setundef (0 sec), ...
