
 /----------------------------------------------------------------------------\
 |  yosys -- Yosys Open SYnthesis Suite                                       |
 |  Copyright (C) 2012 - 2026  Claire Xenia Wolf <claire@yosyshq.com>         |
 |  Distributed under an ISC-like license, type "license" to see terms        |
 \----------------------------------------------------------------------------/
 Yosys 0.64 (git sha1 6d2c445ae, g++ 13.3.0-6ubuntu2~24.04.1 -fPIC -O3)

-- Executing script file `design_smt2.ys' --

1. Executing RTLIL frontend.
Input filename: design_prep.il

2. Executing HIERARCHY pass (managing design hierarchy).
Attribute `top' found on module `alu_formal'. Setting top module to alu_formal.

2.1. Analyzing design hierarchy..
Top module:  \alu_formal
Used module:     \alu

2.2. Analyzing design hierarchy..
Top module:  \alu_formal
Used module:     \alu
Removed 0 unused modules.
Module alu_formal directly or indirectly contains formal properties -> setting "keep" attribute.

3. Executing FORMALFF pass.

4. Executing DFFUNMAP pass (unmap clock enable and synchronous reset from FFs).

5. Printing statistics.

=== alu ===

        +----------Local Count, excluding submodules.
        | 
       15 wires
      265 wire bits
        5 public wires
      100 public wire bits
        5 ports
      100 port bits
       12 cells
        1   $add
        1   $and
        4   $eq
        2   $logic_not
        1   $or
        1   $pmux
        1   $sub
        1   $xor

=== alu_formal ===

        +----------Local Count, excluding submodules.
        | 
       25 wires
      275 wire bits
        5 public wires
      100 public wire bits
       90 cells
        1   $add
        1   $and
       65   $anyseq
        5   $assert
        9   $eq
        1   $logic_not
        5   $mux
        1   $or
        1   $sub
        1   $xor
        1 submodules
        1   alu

=== design hierarchy ===

        +----------Count including submodules.
        | 
      102 alu_formal
       12 alu

        +----------Count including submodules.
        | 
       40 wires
      540 wire bits
       10 public wires
      200 public wire bits
        5 ports
      100 port bits
        - memories
        - memory bits
        - processes
      102 cells
        2   $add
        2   $and
       65   $anyseq
        5   $assert
       13   $eq
        3   $logic_not
        5   $mux
        2   $or
        1   $pmux
        2   $sub
        2   $xor
        1 submodules
        1   alu

6. Executing SMT2 backend.

6.1. Executing BMUXMAP pass.

6.2. Executing DEMUXMAP pass.
Creating SMT-LIBv2 representation of module alu.
Creating SMT-LIBv2 representation of module alu_formal.

End of script. Logfile hash: fe82294734, time: 0.00s, user: 0.01s, system: 0.00s, MEM: 16.75 MB peak
Yosys 0.64 (git sha1 6d2c445ae, g++ 13.3.0-6ubuntu2~24.04.1 -fPIC -O3)
Time spent: 66% 2x write_smt2 (0 sec), 15% 2x read_rtlil (0 sec), ...
