
 /----------------------------------------------------------------------------\
 |  yosys -- Yosys Open SYnthesis Suite                                       |
 |  Copyright (C) 2012 - 2026  Claire Xenia Wolf <claire@yosyshq.com>         |
 |  Distributed under an ISC-like license, type "license" to see terms        |
 \----------------------------------------------------------------------------/
 Yosys 0.64 (git sha1 6d2c445ae, g++ 13.3.0-6ubuntu2~24.04.1 -fPIC -O3)

-- Executing script file `design_prep.ys' --

1. Executing RTLIL frontend.
Input filename: design.il

2. Executing SCC pass (detecting logic loops).
Found 0 SCCs in module pipeline_formal.
Found 0 SCCs.

3. Executing SIMPLEMAP pass (map simple cells to gate primitives).

4. Executing MEMORY_NORDFF pass (extracting $dff cells from memories).

5. Executing ASYNC2SYNC pass.

6. Executing OPT_CLEAN pass (remove unused cells and wires).
Finding unused cells or wires in module \pipeline_formal..
Removed 15 unused cells and 15 unused wires.
<suppressed ~16 debug messages>

7. Executing FORMALFF pass.

8. Executing OPT_CLEAN pass (remove unused cells and wires).
Finding unused cells or wires in module \pipeline_formal..

9. Executing CHECK pass (checking for obvious problems).
Checking module pipeline_formal...
Warning: Wire pipeline_formal.\rst is used but has no driver.
Warning: Wire pipeline_formal.\dut.stall is used but has no driver.
Warning: Wire pipeline_formal.\dut.wb_reg_write is used but has no driver.
Warning: Wire pipeline_formal.\dut.id_ex_inst.ex_reg_write is used but has no driver.
Warning: Wire pipeline_formal.\dut.if_id_inst.id_pc is used but has no driver.
Warning: Wire pipeline_formal.\dut.if_id_inst.id_instr is used but has no driver.
Warning: Wire pipeline_formal.\dut.wb_rd is used but has no driver.
Warning: Wire pipeline_formal.\dut.pc_inst.pc_out is used but has no driver.
Found and reported 8 problems.

10. Executing SETUNDEF pass (replace undef values with defined constants).

11. Executing OPT pass (performing simple optimizations).

11.1. Executing OPT_EXPR pass (perform const folding).
Optimizing module pipeline_formal.

11.2. Executing OPT_MERGE pass (detect identical cells).
Finding identical cells in module `\pipeline_formal'.
Computing hashes of 40 cells of `\pipeline_formal'.
Finding duplicate cells in `\pipeline_formal'.
Computing hashes of 38 cells of `\pipeline_formal'.
Finding duplicate cells in `\pipeline_formal'.
<suppressed ~6 debug messages>
Removed a total of 2 cells.

11.3. Executing OPT_DFF pass (perform DFF optimizations).

11.4. Executing OPT_CLEAN pass (remove unused cells and wires).
Finding unused cells or wires in module \pipeline_formal..
Removed 0 unused cells and 11 unused wires.
<suppressed ~1 debug messages>

11.5. Finished fast OPT passes.

12. Executing OPT_CLEAN pass (remove unused cells and wires).
Finding unused cells or wires in module \pipeline_formal..
Removed 0 unused cells and 4 unused wires.
<suppressed ~1 debug messages>

13. Executing RTLIL backend.
Output filename: ../model/design_prep.il

Warnings: 8 unique messages, 8 total
End of script. Logfile hash: 3d4eb67481, time: 0.01s, user: 0.01s, system: 0.00s, MEM: 17.25 MB peak
Yosys 0.64 (git sha1 6d2c445ae, g++ 13.3.0-6ubuntu2~24.04.1 -fPIC -O3)
Time spent: 28% 4x opt_clean (0 sec), 14% 1x setundef (0 sec), ...
