
 /----------------------------------------------------------------------------\
 |  yosys -- Yosys Open SYnthesis Suite                                       |
 |  Copyright (C) 2012 - 2026  Claire Xenia Wolf <claire@yosyshq.com>         |
 |  Distributed under an ISC-like license, type "license" to see terms        |
 \----------------------------------------------------------------------------/
 Yosys 0.64 (git sha1 6d2c445ae, g++ 13.3.0-6ubuntu2~24.04.1 -fPIC -O3)

-- Executing script file `design_smt2.ys' --

1. Executing RTLIL frontend.
Input filename: design_prep.il

2. Executing HIERARCHY pass (managing design hierarchy).
Attribute `top' found on module `pipeline_formal'. Setting top module to pipeline_formal.

2.1. Analyzing design hierarchy..
Top module:  \pipeline_formal

2.2. Analyzing design hierarchy..
Top module:  \pipeline_formal
Removed 0 unused modules.
Module pipeline_formal directly or indirectly contains formal properties -> setting "keep" attribute.

3. Executing FORMALFF pass.

4. Executing DFFUNMAP pass (unmap clock enable and synchronous reset from FFs).

5. Printing statistics.

=== pipeline_formal ===

        +----------Local Count, excluding submodules.
        | 
       34 wires
       34 wire bits
       13 public wires
       13 public wire bits
       40 cells
        4   $anyinit
        9   $anyseq
        5   $assert
        1   $assume
        3   $eq
        8   $ff
        3   $logic_and
        2   $logic_not
        2   $mux
        3   $not

6. Executing SMT2 backend.

6.1. Executing BMUXMAP pass.

6.2. Executing DEMUXMAP pass.
Creating SMT-LIBv2 representation of module pipeline_formal.

End of script. Logfile hash: 13abe0fe4c, time: 0.00s, user: 0.00s, system: 0.01s, MEM: 16.62 MB peak
Yosys 0.64 (git sha1 6d2c445ae, g++ 13.3.0-6ubuntu2~24.04.1 -fPIC -O3)
Time spent: 46% 2x write_smt2 (0 sec), 29% 2x read_rtlil (0 sec), ...
