
 /----------------------------------------------------------------------------\
 |  yosys -- Yosys Open SYnthesis Suite                                       |
 |  Copyright (C) 2012 - 2026  Claire Xenia Wolf <claire@yosyshq.com>         |
 |  Distributed under an ISC-like license, type "license" to see terms        |
 \----------------------------------------------------------------------------/
 Yosys 0.64 (git sha1 6d2c445ae, g++ 13.3.0-6ubuntu2~24.04.1 -fPIC -O3)

-- Executing script file `design_smt2.ys' --

1. Executing RTLIL frontend.
Input filename: design_prep.il

2. Executing HIERARCHY pass (managing design hierarchy).
Attribute `top' found on module `regfile_formal'. Setting top module to regfile_formal.

2.1. Analyzing design hierarchy..
Top module:  \regfile_formal

2.2. Analyzing design hierarchy..
Top module:  \regfile_formal
Removed 0 unused modules.
Module regfile_formal directly or indirectly contains formal properties -> setting "keep" attribute.

3. Executing FORMALFF pass.

4. Executing DFFUNMAP pass (unmap clock enable and synchronous reset from FFs).

5. Printing statistics.

=== regfile_formal ===

        +----------Local Count, excluding submodules.
        | 
        5 wires
        5 wire bits
        3 public wires
        3 public wire bits
        6 cells
        2   $anyseq
        1   $assert
        1   $assume
        1   $ff
        1   $not

6. Executing SMT2 backend.

6.1. Executing BMUXMAP pass.

6.2. Executing DEMUXMAP pass.
Creating SMT-LIBv2 representation of module regfile_formal.

End of script. Logfile hash: b10c56eb1a, time: 0.00s, user: 0.01s, system: 0.01s, MEM: 16.50 MB peak
Yosys 0.64 (git sha1 6d2c445ae, g++ 13.3.0-6ubuntu2~24.04.1 -fPIC -O3)
Time spent: 34% 2x write_smt2 (0 sec), 22% 2x read_rtlil (0 sec), ...
