
 /----------------------------------------------------------------------------\
 |  yosys -- Yosys Open SYnthesis Suite                                       |
 |  Copyright (C) 2012 - 2026  Claire Xenia Wolf <claire@yosyshq.com>         |
 |  Distributed under an ISC-like license, type "license" to see terms        |
 \----------------------------------------------------------------------------/
 Yosys 0.64 (git sha1 6d2c445ae, g++ 13.3.0-6ubuntu2~24.04.1 -fPIC -O3)

-- Executing script file `design_prep.ys' --

1. Executing RTLIL frontend.
Input filename: design.il

2. Executing SCC pass (detecting logic loops).
Found 0 SCCs in module regfile_formal.
Found 0 SCCs.

3. Executing SIMPLEMAP pass (map simple cells to gate primitives).

4. Executing MEMORY_NORDFF pass (extracting $dff cells from memories).

5. Executing ASYNC2SYNC pass.

6. Executing OPT_CLEAN pass (remove unused cells and wires).
Finding unused cells or wires in module \regfile_formal..
Removed 3 unused cells and 3 unused wires.
<suppressed ~4 debug messages>

7. Executing FORMALFF pass.

8. Executing OPT_CLEAN pass (remove unused cells and wires).
Finding unused cells or wires in module \regfile_formal..

9. Executing CHECK pass (checking for obvious problems).
Checking module regfile_formal...
Found and reported 0 problems.

10. Executing SETUNDEF pass (replace undef values with defined constants).

11. Executing OPT pass (performing simple optimizations).

11.1. Executing OPT_EXPR pass (perform const folding).
Optimizing module regfile_formal.

11.2. Executing OPT_MERGE pass (detect identical cells).
Finding identical cells in module `\regfile_formal'.
Computing hashes of 5 cells of `\regfile_formal'.
Finding duplicate cells in `\regfile_formal'.
Removed a total of 0 cells.

11.3. Executing OPT_DFF pass (perform DFF optimizations).
Setting constant 0-bit at position 0 on $auto$async2sync.cc:110:execute$325 ($ff) from module regfile_formal.

11.4. Executing OPT_CLEAN pass (remove unused cells and wires).
Finding unused cells or wires in module \regfile_formal..
Removed 0 unused cells and 2 unused wires.
<suppressed ~1 debug messages>

11.5. Rerunning OPT passes. (Removed registers in this run.)

11.6. Executing OPT_EXPR pass (perform const folding).
Optimizing module regfile_formal.

11.7. Executing OPT_MERGE pass (detect identical cells).
Finding identical cells in module `\regfile_formal'.
Computing hashes of 4 cells of `\regfile_formal'.
Finding duplicate cells in `\regfile_formal'.
Removed a total of 0 cells.

11.8. Executing OPT_DFF pass (perform DFF optimizations).

11.9. Executing OPT_CLEAN pass (remove unused cells and wires).
Finding unused cells or wires in module \regfile_formal..

11.10. Finished fast OPT passes.

12. Executing OPT_CLEAN pass (remove unused cells and wires).
Finding unused cells or wires in module \regfile_formal..
Removed 0 unused cells and 1 unused wires.
<suppressed ~1 debug messages>

13. Executing RTLIL backend.
Output filename: ../model/design_prep.il

End of script. Logfile hash: a53cd2d274, time: 0.01s, user: 0.01s, system: 0.00s, MEM: 16.75 MB peak
Yosys 0.64 (git sha1 6d2c445ae, g++ 13.3.0-6ubuntu2~24.04.1 -fPIC -O3)
Time spent: 30% 5x opt_clean (0 sec), 19% 2x opt_merge (0 sec), ...
